ts load1 procs_r ctxt_per_s irq_per_s radiod_cpu wspr_cpu psk_cpu timestd_cpu
1786580213 6.42 2 0 0 112 11 9 92
1786580273 8.39 42 87224 44500 112 11 9 92
1786580333 7.98 3 86840 44230 112 11 9 92
1786580393 5.75 4 87653 44653 112 11 9 92
1786580453 7.34 3 84845 43390 112 11 9 92
1786580513 5.91 3 87369 44675 112 11 9 92
1786580573 7.72 37 85647 43624 112 11 9 92
1786580634 5.00 4 86204 43980 112 11 9 92
1786580694 3.90 5 85813 43876 112 11 9 91
1786580754 5.85 5 87521 44671 112 11 9 91
1786580814 9.43 2 84807 43215 112 11 9 91
1786580874 5.79 3 87548 44769 112 11 9 91
1786580934 4.79 3 85969 43712 112 11 9 91
1786580994 8.96 3 87213 44643 112 11 9 91
1786581054 12.38 2 81599 41674 112 11 9 92
1786581114 7.52 2 86927 44400 112 11 9 92
1786581174 6.65 2 84446 42937 112 11 9 91
1786581235 5.32 3 86462 44316 112 11 9 91
1786581295 10.05 3 86468 44066 112 11 9 91
1786581355 9.43 1 86789 44638 112 11 9 91
1786581415 9.56 3 84501 43019 112 11 9 91
1786581475 10.32 3 86542 44265 112 11 9 91
1786581535 7.27 3 86115 43777 112 11 9 91
1786581595 8.89 1 87660 44928 112 11 9 91
1786581655 11.08 2 82939 42243 112 11 9 91
1786581715 6.38 4 87869 44997 112 11 9 91
1786581775 8.18 4 84586 42902 112 11 9 91
1786581835 7.75 4 87420 44612 112 11 9 91
1786581896 11.48 2 84308 42912 112 11 9 91
1786581956 9.15 2 86978 44247 112 11 9 91
1786582016 7.73 2 86311 43710 112 11 9 91
1786582076 11.22 4 86840 44438 112 11 9 91
1786582136 10.83 46 84852 43145 112 11 9 91
1786582196 11.65 4 87243 44407 112 11 9 91
1786582256 10.37 2 82126 41988 112 11 9 91
1786582316 8.10 2 86236 44189 112 11 9 91
1786582376 11.67 1 83873 42671 112 11 9 91
1786582436 8.24 2 87307 44524 112 11 9 91
1786582497 6.72 3 84298 42805 112 11 9 91
1786582557 5.10 2 87354 44782 112 11 9 91
1786582617 5.25 1 84745 43034 112 11 9 91
1786582677 7.82 41 86137 44323 112 11 9 91
1786582737 4.92 3 85225 43319 112 11 9 91
1786582797 7.73 3 87479 44732 112 11 9 91
1786582857 9.67 3 81766 41702 112 11 9 91
1786582917 9.05 4 86838 44441 112 11 9 141
1786582977 6.39 2 82090 42010 112 11 9 141
1786583037 7.84 2 87231 44740 112 11 9 141
1786583098 7.99 3 82787 42304 112 11 9 141
1786583158 8.02 1 86366 44299 112 11 9 141
1786583218 4.70 3 83652 43086 112 11 9 141
1786583278 5.50 3 86166 44211 112 11 9 141
1786583338 8.38 6 84850 43123 112 11 9 141
1786583398 6.92 3 86248 44179 112 11 9 141
1786583458 11.02 4 79355 40429 112 11 9 141
1786583518 9.83 3 87615 44899 112 11 9 141
1786583578 11.31 2 83066 42193 112 11 9 141
1786583638 8.07 3 86553 44225 112 11 9 141
1786583699 7.22 2 83101 42228 112 11 9 141
1786583759 8.43 2 85326 43683 112 11 9 141
1786583819 8.96 2 82134 41766 112 11 9 141
1786583879 9.82 2 86469 44297 112 11 9 141
1786583939 7.81 2 85091 43419 112 11 9 141
1786583999 8.10 6 87272 44700 112 11 9 141
1786584059 11.52 2 62584 32621 112 11 9 260
1786584119 10.59 2 87388 44692 112 11 9 181
1786584179 6.66 2 84911 43438 112 11 9 164
1786584239 5.57 4 87448 44693 112 11 9 157
1786584300 4.56 4 83469 42331 112 11 9 153
1786584360 5.54 6 85708 43849 112 537 9 151
1786584420 4.78 3 82914 41868 112 11 9 149
1786584480 4.18 7 86094 44181 112 329 9 148
1786584540 4.58 4 79018 40486 112 11 9 380
1786584600 3.56 28 71802 37132 112 464 9 202
1786584660 7.64 4 79696 40296 112 11 9 161
1786584720 5.66 28 85363 43792 112 818 9 412
1786584781 6.83 10 79336 40350 112 11 9 149
1786584841 6.29 68 86106 44130 112 497 9 147
1786584901 8.39 14 83840 43017 112 415 9 146
1786584961 5.29 18 85087 43417 112 592 9 303
1786585021 8.15 8 83090 42485 112 11 309 200
1786585081 9.10 21 85326 43957 112 467 497 144
1786585141 6.92 13 83664 42693 112 11 9 144
1786585202 6.88 67 82605 42349 112 398 9 144
1786585262 10.30 10 81856 41739 112 11 9 145
1786585322 5.67 11 85088 43342 112 204 9 320
1786585382 4.24 6 82630 42290 112 11 9 144
1786585442 5.08 6 86292 44221 112 211 9 144
1786585502 6.74 11 83097 42276 112 342 9 144
1786585562 4.73 63 84219 43267 112 287 9 268
1786585623 5.12 5 84282 43344 112 11 9 195
1786585683 6.16 10 85535 43833 112 507 9 145
1786585743 6.88 8 85148 43578 112 11 9 145
1786585803 6.90 63 84162 43143 112 465 9 145
1786585863 9.43 5 83159 42261 112 11 9 187
1786585923 6.87 18 84003 42969 112 495 9 279
1786585983 6.60 5 83536 42804 112 11 9 145
1786586043 5.82 11 84890 43242 112 706 9 144
1786586104 4.98 7 82127 41965 112 11 9 144
1786586164 4.77 18 84470 43133 112 782 9 278
1786586224 5.15 9 83298 42579 112 11 9 144
1786586284 6.20 27 85358 43610 112 482 9 144
1786586344 6.74 3 84448 43245 112 11 9 144
1786586404 5.46 56 81295 41947 112 752 9 78
1786586465 5.34 49 65389 33995 112 11 9 264
1786586525 4.36 11 83070 41990 112 354 9 235
1786586585 7.46 4 85758 43937 112 11 9 170
1786586645 7.57 7 83688 42411 112 304 9 161
1786586705 7.52 6 85290 43788 112 11 9 157
1786586765 9.41 62 83322 42294 112 307 9 154
1786586825 5.50 4 85195 43421 112 11 9 151
1786586885 7.37 7 84093 43024 112 300 9 150
1786586945 6.36 2 72401 37718 112 11 9 194
1786587006 9.67 15 71558 36816 112 395 9 221
1786587066 5.82 4 83937 43165 112 11 9 180
1786587126 8.06 8 81975 41963 112 311 9 164
1786587186 8.10 2 83582 43276 112 11 9 159
